RAAM
shyaam
Krsna
Aum
Patagaira
Bandagay
ladkee
ludkaa
chaawal
dudh
panee
maossam
soondar
mundar
gharh
rastaah
khna
piyaar
dhost
bhuk
